{
  "category": "Webhooks",
  "name": "Triggered webhooks for pact publication",
  "order": 43,
  "request": {
    "method": "OPTIONS",
    "path_template": "/pacts/provider/:provider_name/consumer/:consumer_name/version/:consumer_version_number/triggered-webhooks",
    "path": "/pacts/provider/Bar/consumer/Foo/version/3e1f00a04/triggered-webhooks",
    "headers": {
      "Accept": "application/hal+json"
    }
  },
  "response": {
    "status": 200,
    "headers": {
      "Access-Control-Allow-Methods": "GET, OPTIONS"
    },
    "body": ""
  }
}
