{
  "category": "Webhooks",
  "name": "Webhooks for a provider",
  "order": 17,
  "request": {
    "method": "GET",
    "path_template": "/webhooks/provider/:provider_name",
    "path": "/webhooks/provider/Bar",
    "headers": {
      "Accept": "application/hal+json"
    }
  },
  "response": {
    "status": 200,
    "headers": {
      "Content-Type": "application/hal+json;charset=utf-8"
    },
    "body": {
      "_links": {
        "self": {
          "title": "Webhooks",
          "href": "http://example.org/webhooks/provider/Bar"
        },
        "pb:create": {
          "title": "POST to create a webhook",
          "href": "http://example.org/webhooks/provider/Bar"
        },
        "pb:webhooks": [

        ],
        "curies": [
          {
            "name": "pb",
            "href": "https://pact-broker/doc/webhooks-{rel}",
            "templated": true
          }
        ]
      }
    }
  }
}
