{
  "category": "Webhooks",
  "name": "Webhooks",
  "order": 7,
  "request": {
    "method": "GET",
    "path_template": "/webhooks",
    "path": "/webhooks",
    "headers": {
      "Accept": "application/hal+json"
    }
  },
  "response": {
    "status": 200,
    "headers": {
      "Content-Type": "application/hal+json;charset=utf-8"
    },
    "body": {
      "_links": {
        "self": {
          "title": "Webhooks",
          "href": "http://example.org/webhooks"
        },
        "pb:create": {
          "title": "POST to create a webhook",
          "href": "http://example.org/webhooks"
        },
        "pb:webhooks": [
          {
            "title": "A webhook for the pact between Foo and Bar",
            "name": "an example webhook",
            "href": "https://pact-broker/webhooks/d2181b32-8b03-4daf-8cc0-d9168b2f6fac"
          }
        ],
        "curies": [
          {
            "name": "pb",
            "href": "https://pact-broker/doc/webhooks-{rel}",
            "templated": true
          }
        ]
      }
    }
  }
}
