{
  "category": "Webhooks",
  "name": "Pact webhooks",
  "order": 27,
  "request": {
    "method": "OPTIONS",
    "path_template": "/pacts/provider/:provider_name/consumer/:consumer_name/webhooks",
    "path": "/pacts/provider/Bar/consumer/Foo/webhooks",
    "headers": {
      "Accept": "application/hal+json"
    }
  },
  "response": {
    "status": 200,
    "headers": {
      "Access-Control-Allow-Methods": "POST, GET, OPTIONS"
    },
    "body": ""
  }
}
