{
  "category": "Webhooks",
  "name": "Webhook",
  "order": 5,
  "request": {
    "method": "OPTIONS",
    "path_template": "/webhooks/:uuid",
    "path": "/webhooks/d2181b32-8b03-4daf-8cc0-d9168b2f6fac",
    "headers": {
      "Accept": "application/hal+json"
    }
  },
  "response": {
    "status": 200,
    "headers": {
      "Access-Control-Allow-Methods": "GET, PUT, DELETE, OPTIONS"
    },
    "body": ""
  }
}
