{
  "category": "Webhooks",
  "name": "Webhooks",
  "order": 11,
  "request": {
    "method": "OPTIONS",
    "path_template": "/webhooks",
    "path": "/webhooks",
    "headers": {
      "Accept": "application/hal+json"
    }
  },
  "response": {
    "status": 200,
    "headers": {
      "Access-Control-Allow-Methods": "GET, POST, OPTIONS"
    },
    "body": ""
  }
}
